<34>1 2025-06-01T02:00:00Z host1 sshd 1001 ID99 - Failed password for root from 203.0.113.5 port 22 ssh2
