<34>1 2025-05-15T14:31:02Z host1 sshd 1001 ID123 - Test message
